---
source: crates/cox-tui/tests/approval.rs
expression: "format!(\"{asked}\\n---\\n{editing}\")"
---


 approve bash git push --force?
 rule Bash(git push:*) asks
 [y]es  [s]ession  [n]o  [e]dit
>  message · @ file · / command
 - · ctx 0 · $0.00 · WorkspaceWrite · Default · 0 tasks
---


 approve bash git push --force?
 rule Bash(git push:*) asks
 edit> git push -n▏   Enter runs · Esc cancels
>  message · @ file · / command
 - · ctx 0 · $0.00 · WorkspaceWrite · Default · 0 tasks
