---
source: crates/cox-tui/tests/diff.rs
expression: diff_view(140)
---
 git diff HEAD · PageUp/PageDown scroll · Esc closes
  ± src/loop.rs  +2 −2
  --- a/src/loop.rs
  +++ b/src/loop.rs
  @@ -10,5 +10,5 @@
  10  fn step(&mut self) {                                            │10  fn step(&mut self) {
  11 -    let total = price * count;                                  │11 +    let total = price * quantity + tax;
  12 -    self.log(total);                                            │
  13      self.emit(total);                                           │12      self.emit(total);
                                                                      │13 +    self.ledger.record(total);
  14  }                                                               │14  }

>  message · @ file · / command
 - · ctx 0% · cache 0% · $0.00 · workspace-write · 0 tasks · [default]
