---
source: crates/cox-tui/tests/screenshots.rs
assertion_line: 523
expression: "shot(\"theme_picker\", &mut state)"
---
› make it yours
Pick a theme — the screen previews each row.








 theme:
 ▸ cox-dark
   cox-light
   system
   syntax: Solarized (dark)
>  message · @ file · / command
sonnet-5 · ctx ▱▱▱▱▱ 0% · $0.00/5 · workspace-write · ⎇ main +12 −3 · [default]
