---
source: crates/cox-tui/tests/screenshots.rs
assertion_line: 630
expression: "shot(\"question_modal\", &mut state)"
---
› deploy it










 ask_user which environment?
 1) staging  2) production
 > ▏   Enter sends · Esc dismisses
>  message · @ file · / command
sonnet-5 · ctx ▱▱▱▱▱ 0% · $0.00/5 · ⎇ main +12 −3 · [question] · working
