---
source: crates/cox-tui/tests/screenshots.rs
expression: "shot(\"tool_card_error\", &mut state)"
---
› run the failing build
⚙ bash cargo build · 41ms
│ error[E0308]: mismatched types
│  --> src/loop.rs:9:9
│   |
│   = note: build failed
│ ✗ 78B 41ms













>  message · @ file · / command
 ⎇ main +12 −3 · sonnet-5 · ctx 0% · cache 0% · $0.00 · workspace-write · 0 tasks · [default] · work
