---
source: crates/cox-tui/tests/screenshots.rs
expression: "shot(\"theme_picker\", &mut state)"
---
› make it yours
Pick a theme — the screen previews each row.








 theme:
 ▸ cox-dark
   cox-light
   system
   syntax: Solarized (dark)
> Enter choose · Esc close · Up previous · Down next
sonnet-5 · ctx ▱▱▱▱▱ 0% · $0.00/5 · workspace-write · ⎇ main +12 −3 · [default]
