---
source: crates/cox-tui/tests/screenshots.rs
assertion_line: 557
expression: "shot(\"tool_card_folded\", &mut state)"
---
› list the tree
⚙ bash seq 20 · 12ms
│ src/file01.rs
│ src/file02.rs
│ src/file03.rs
│ src/file04.rs
│ src/file05.rs
│ src/file06.rs
│ … 9 more lines
│ src/file16.rs
│ src/file17.rs
│ src/file18.rs
│ src/file19.rs
│ src/file20.rs
│ ✓ 279B 12ms













>  message · @ file · / command
sonnet-5 · ctx ▱▱▱▱▱ 0% · $0.00/5 · ⎇ main +12 −3 · [default] · working
