---
source: crates/cox-tui/tests/screenshots.rs
assertion_line: 649
expression: "shot(\"queued_messages\", &mut state)"
---
› start the build
⚙ bash cargo build --workspace
⠋    Compiling cox-core v0.1.0
⠋ 0.0s








 ⏸ also run clippy after
 ⏸ and check the docs build
>  message · @ file · / command
sonnet-5 · ctx ▱▱▱▱▱ 0% · $0.00/5 · ⎇ main +12 −3 · [default] · working
