---
source: crates/cox-render/src/doc.rs
expression: "parse(FIXTURE, theme_name(true, \"\"), &UNICODE)"
---
StyledDoc {
    blocks: [
        Text {
            kind: Heading(
                1,
            ),
            lines: [
                TextLine {
                    quote: 0,
                    depth: 0,
                    marker: "",
                    spans: [
                        StyledSpan {
                            text: "Title",
                            token: Text,
                            rgb: None,
                            bold: true,
                            italic: false,
                            strike: false,
                            underline: false,
                            link: None,
                        },
                    ],
                },
            ],
        },
        Text {
            kind: Paragraph,
            lines: [
                TextLine {
                    quote: 0,
                    depth: 0,
                    marker: "",
                    spans: [
                        StyledSpan {
                            text: "Some ",
                            token: Text,
                            rgb: None,
                            bold: false,
                            italic: false,
                            strike: false,
                            underline: false,
                            link: None,
                        },
                        StyledSpan {
                            text: "code",
                            token: Accent,
                            rgb: None,
                            bold: false,
                            italic: false,
                            strike: false,
                            underline: false,
                            link: None,
                        },
                        StyledSpan {
                            text: " and ",
                            token: Text,
                            rgb: None,
                            bold: false,
                            italic: false,
                            strike: false,
                            underline: false,
                            link: None,
                        },
                        StyledSpan {
                            text: "bold ",
                            token: Text,
                            rgb: None,
                            bold: true,
                            italic: false,
                            strike: false,
                            underline: false,
                            link: None,
                        },
                        StyledSpan {
                            text: "docs",
                            token: Text,
                            rgb: None,
                            bold: true,
                            italic: false,
                            strike: false,
                            underline: true,
                            link: None,
                        },
                        StyledSpan {
                            text: " (",
                            token: Text,
                            rgb: None,
                            bold: true,
                            italic: false,
                            strike: false,
                            underline: false,
                            link: None,
                        },
                        StyledSpan {
                            text: "https://x.dev/a",
                            token: Text,
                            rgb: None,
                            bold: true,
                            italic: false,
                            strike: false,
                            underline: false,
                            link: Some(
                                "https://x.dev/a",
                            ),
                        },
                        StyledSpan {
                            text: ")",
                            token: Text,
                            rgb: None,
                            bold: true,
                            italic: false,
                            strike: false,
                            underline: false,
                            link: None,
                        },
                        StyledSpan {
                            text: " at ",
                            token: Text,
                            rgb: None,
                            bold: false,
                            italic: false,
                            strike: false,
                            underline: false,
                            link: None,
                        },
                        StyledSpan {
                            text: "https://x.dev/b",
                            token: Text,
                            rgb: None,
                            bold: false,
                            italic: false,
                            strike: false,
                            underline: true,
                            link: Some(
                                "https://x.dev/b",
                            ),
                        },
                        StyledSpan {
                            text: ".",
                            token: Text,
                            rgb: None,
                            bold: false,
                            italic: false,
                            strike: false,
                            underline: false,
                            link: None,
                        },
                    ],
                },
            ],
        },
        Text {
            kind: Heading(
                2,
            ),
            lines: [
                TextLine {
                    quote: 0,
                    depth: 0,
                    marker: "",
                    spans: [
                        StyledSpan {
                            text: "Steps",
                            token: Text,
                            rgb: None,
                            bold: true,
                            italic: false,
                            strike: false,
                            underline: false,
                            link: None,
                        },
                    ],
                },
            ],
        },
        Text {
            kind: List,
            lines: [
                TextLine {
                    quote: 0,
                    depth: 0,
                    marker: "•",
                    spans: [
                        StyledSpan {
                            text: "one",
                            token: Text,
                            rgb: None,
                            bold: false,
                            italic: false,
                            strike: false,
                            underline: false,
                            link: None,
                        },
                    ],
                },
                TextLine {
                    quote: 0,
                    depth: 0,
                    marker: "•",
                    spans: [
                        StyledSpan {
                            text: "two with ",
                            token: Text,
                            rgb: None,
                            bold: false,
                            italic: false,
                            strike: false,
                            underline: false,
                            link: None,
                        },
                        StyledSpan {
                            text: "ls",
                            token: Accent,
                            rgb: None,
                            bold: false,
                            italic: false,
                            strike: false,
                            underline: false,
                            link: None,
                        },
                    ],
                },
                TextLine {
                    quote: 0,
                    depth: 1,
                    marker: "•",
                    spans: [
                        StyledSpan {
                            text: "nested",
                            token: Text,
                            rgb: None,
                            bold: false,
                            italic: false,
                            strike: false,
                            underline: false,
                            link: None,
                        },
                    ],
                },
            ],
        },
        Text {
            kind: List,
            lines: [
                TextLine {
                    quote: 0,
                    depth: 0,
                    marker: "1.",
                    spans: [
                        StyledSpan {
                            text: "first",
                            token: Text,
                            rgb: None,
                            bold: false,
                            italic: false,
                            strike: false,
                            underline: false,
                            link: None,
                        },
                    ],
                },
                TextLine {
                    quote: 0,
                    depth: 0,
                    marker: "2.",
                    spans: [
                        StyledSpan {
                            text: "second",
                            token: Text,
                            rgb: None,
                            bold: false,
                            italic: false,
                            strike: false,
                            underline: false,
                            link: None,
                        },
                    ],
                },
            ],
        },
        Code {
            lang: "rust",
            lines: [
                [
                    StyledSpan {
                        text: "fn",
                        token: Text,
                        rgb: Some(
                            [
                                180,
                                142,
                                173,
                            ],
                        ),
                        bold: false,
                        italic: false,
                        strike: false,
                        underline: false,
                        link: None,
                    },
                    StyledSpan {
                        text: " ",
                        token: Text,
                        rgb: Some(
                            [
                                192,
                                197,
                                206,
                            ],
                        ),
                        bold: false,
                        italic: false,
                        strike: false,
                        underline: false,
                        link: None,
                    },
                    StyledSpan {
                        text: "main",
                        token: Text,
                        rgb: Some(
                            [
                                143,
                                161,
                                179,
                            ],
                        ),
                        bold: false,
                        italic: false,
                        strike: false,
                        underline: false,
                        link: None,
                    },
                    StyledSpan {
                        text: "(",
                        token: Text,
                        rgb: Some(
                            [
                                192,
                                197,
                                206,
                            ],
                        ),
                        bold: false,
                        italic: false,
                        strike: false,
                        underline: false,
                        link: None,
                    },
                    StyledSpan {
                        text: ")",
                        token: Text,
                        rgb: Some(
                            [
                                192,
                                197,
                                206,
                            ],
                        ),
                        bold: false,
                        italic: false,
                        strike: false,
                        underline: false,
                        link: None,
                    },
                    StyledSpan {
                        text: " ",
                        token: Text,
                        rgb: Some(
                            [
                                192,
                                197,
                                206,
                            ],
                        ),
                        bold: false,
                        italic: false,
                        strike: false,
                        underline: false,
                        link: None,
                    },
                    StyledSpan {
                        text: "{",
                        token: Text,
                        rgb: Some(
                            [
                                192,
                                197,
                                206,
                            ],
                        ),
                        bold: false,
                        italic: false,
                        strike: false,
                        underline: false,
                        link: None,
                    },
                    StyledSpan {
                        text: "}",
                        token: Text,
                        rgb: Some(
                            [
                                192,
                                197,
                                206,
                            ],
                        ),
                        bold: false,
                        italic: false,
                        strike: false,
                        underline: false,
                        link: None,
                    },
                    StyledSpan {
                        text: "",
                        token: Text,
                        rgb: Some(
                            [
                                192,
                                197,
                                206,
                            ],
                        ),
                        bold: false,
                        italic: false,
                        strike: false,
                        underline: false,
                        link: None,
                    },
                ],
            ],
        },
        Text {
            kind: Quote,
            lines: [
                TextLine {
                    quote: 1,
                    depth: 0,
                    marker: "",
                    spans: [
                        StyledSpan {
                            text: "quoted",
                            token: Text,
                            rgb: None,
                            bold: false,
                            italic: false,
                            strike: false,
                            underline: false,
                            link: None,
                        },
                    ],
                },
            ],
        },
        Rule,
        Table {
            rows: [
                [
                    "a",
                    "b",
                ],
                [
                    "1",
                    "2",
                ],
            ],
        },
    ],
}
