---
source: crates/cox-render/src/doc.rs
expression: "parse(FIXTURE, theme_name(true, \"\"), &UNICODE)"
---
StyledDoc {
    blocks: [
        Text {
            kind: Heading(
                1,
            ),
            lines: [
                [
                    StyledSpan {
                        text: "# ",
                        token: Text,
                        rgb: None,
                        bold: true,
                        italic: false,
                        strike: false,
                        underline: false,
                        link: None,
                    },
                    StyledSpan {
                        text: "Title",
                        token: Text,
                        rgb: None,
                        bold: true,
                        italic: false,
                        strike: false,
                        underline: false,
                        link: None,
                    },
                ],
            ],
        },
        Text {
            kind: Paragraph,
            lines: [
                [
                    StyledSpan {
                        text: "Some ",
                        token: Text,
                        rgb: None,
                        bold: false,
                        italic: false,
                        strike: false,
                        underline: false,
                        link: None,
                    },
                    StyledSpan {
                        text: "code",
                        token: Accent,
                        rgb: None,
                        bold: false,
                        italic: false,
                        strike: false,
                        underline: false,
                        link: None,
                    },
                    StyledSpan {
                        text: " and ",
                        token: Text,
                        rgb: None,
                        bold: false,
                        italic: false,
                        strike: false,
                        underline: false,
                        link: None,
                    },
                    StyledSpan {
                        text: "bold ",
                        token: Text,
                        rgb: None,
                        bold: true,
                        italic: false,
                        strike: false,
                        underline: false,
                        link: None,
                    },
                    StyledSpan {
                        text: "docs",
                        token: Text,
                        rgb: None,
                        bold: true,
                        italic: false,
                        strike: false,
                        underline: true,
                        link: None,
                    },
                    StyledSpan {
                        text: " (",
                        token: Text,
                        rgb: None,
                        bold: true,
                        italic: false,
                        strike: false,
                        underline: false,
                        link: None,
                    },
                    StyledSpan {
                        text: "https://x.dev/a",
                        token: Text,
                        rgb: None,
                        bold: true,
                        italic: false,
                        strike: false,
                        underline: false,
                        link: Some(
                            "https://x.dev/a",
                        ),
                    },
                    StyledSpan {
                        text: ")",
                        token: Text,
                        rgb: None,
                        bold: true,
                        italic: false,
                        strike: false,
                        underline: false,
                        link: None,
                    },
                    StyledSpan {
                        text: " at ",
                        token: Text,
                        rgb: None,
                        bold: false,
                        italic: false,
                        strike: false,
                        underline: false,
                        link: None,
                    },
                    StyledSpan {
                        text: "https://x.dev/b",
                        token: Text,
                        rgb: None,
                        bold: false,
                        italic: false,
                        strike: false,
                        underline: true,
                        link: Some(
                            "https://x.dev/b",
                        ),
                    },
                    StyledSpan {
                        text: ".",
                        token: Text,
                        rgb: None,
                        bold: false,
                        italic: false,
                        strike: false,
                        underline: false,
                        link: None,
                    },
                ],
            ],
        },
        Text {
            kind: Heading(
                2,
            ),
            lines: [
                [
                    StyledSpan {
                        text: "## ",
                        token: Text,
                        rgb: None,
                        bold: true,
                        italic: false,
                        strike: false,
                        underline: false,
                        link: None,
                    },
                    StyledSpan {
                        text: "Steps",
                        token: Text,
                        rgb: None,
                        bold: true,
                        italic: false,
                        strike: false,
                        underline: false,
                        link: None,
                    },
                ],
            ],
        },
        Text {
            kind: List,
            lines: [
                [
                    StyledSpan {
                        text: "• ",
                        token: Text,
                        rgb: None,
                        bold: false,
                        italic: false,
                        strike: false,
                        underline: false,
                        link: None,
                    },
                    StyledSpan {
                        text: "one",
                        token: Text,
                        rgb: None,
                        bold: false,
                        italic: false,
                        strike: false,
                        underline: false,
                        link: None,
                    },
                ],
                [
                    StyledSpan {
                        text: "• ",
                        token: Text,
                        rgb: None,
                        bold: false,
                        italic: false,
                        strike: false,
                        underline: false,
                        link: None,
                    },
                    StyledSpan {
                        text: "two with ",
                        token: Text,
                        rgb: None,
                        bold: false,
                        italic: false,
                        strike: false,
                        underline: false,
                        link: None,
                    },
                    StyledSpan {
                        text: "ls",
                        token: Accent,
                        rgb: None,
                        bold: false,
                        italic: false,
                        strike: false,
                        underline: false,
                        link: None,
                    },
                ],
                [
                    StyledSpan {
                        text: "  • ",
                        token: Text,
                        rgb: None,
                        bold: false,
                        italic: false,
                        strike: false,
                        underline: false,
                        link: None,
                    },
                    StyledSpan {
                        text: "nested",
                        token: Text,
                        rgb: None,
                        bold: false,
                        italic: false,
                        strike: false,
                        underline: false,
                        link: None,
                    },
                ],
            ],
        },
        Text {
            kind: List,
            lines: [
                [
                    StyledSpan {
                        text: "1. ",
                        token: Text,
                        rgb: None,
                        bold: false,
                        italic: false,
                        strike: false,
                        underline: false,
                        link: None,
                    },
                    StyledSpan {
                        text: "first",
                        token: Text,
                        rgb: None,
                        bold: false,
                        italic: false,
                        strike: false,
                        underline: false,
                        link: None,
                    },
                ],
                [
                    StyledSpan {
                        text: "2. ",
                        token: Text,
                        rgb: None,
                        bold: false,
                        italic: false,
                        strike: false,
                        underline: false,
                        link: None,
                    },
                    StyledSpan {
                        text: "second",
                        token: Text,
                        rgb: None,
                        bold: false,
                        italic: false,
                        strike: false,
                        underline: false,
                        link: None,
                    },
                ],
            ],
        },
        Code {
            lang: "rust",
            lines: [
                [
                    StyledSpan {
                        text: "fn",
                        token: Text,
                        rgb: Some(
                            [
                                180,
                                142,
                                173,
                            ],
                        ),
                        bold: false,
                        italic: false,
                        strike: false,
                        underline: false,
                        link: None,
                    },
                    StyledSpan {
                        text: " ",
                        token: Text,
                        rgb: Some(
                            [
                                192,
                                197,
                                206,
                            ],
                        ),
                        bold: false,
                        italic: false,
                        strike: false,
                        underline: false,
                        link: None,
                    },
                    StyledSpan {
                        text: "main",
                        token: Text,
                        rgb: Some(
                            [
                                143,
                                161,
                                179,
                            ],
                        ),
                        bold: false,
                        italic: false,
                        strike: false,
                        underline: false,
                        link: None,
                    },
                    StyledSpan {
                        text: "(",
                        token: Text,
                        rgb: Some(
                            [
                                192,
                                197,
                                206,
                            ],
                        ),
                        bold: false,
                        italic: false,
                        strike: false,
                        underline: false,
                        link: None,
                    },
                    StyledSpan {
                        text: ")",
                        token: Text,
                        rgb: Some(
                            [
                                192,
                                197,
                                206,
                            ],
                        ),
                        bold: false,
                        italic: false,
                        strike: false,
                        underline: false,
                        link: None,
                    },
                    StyledSpan {
                        text: " ",
                        token: Text,
                        rgb: Some(
                            [
                                192,
                                197,
                                206,
                            ],
                        ),
                        bold: false,
                        italic: false,
                        strike: false,
                        underline: false,
                        link: None,
                    },
                    StyledSpan {
                        text: "{",
                        token: Text,
                        rgb: Some(
                            [
                                192,
                                197,
                                206,
                            ],
                        ),
                        bold: false,
                        italic: false,
                        strike: false,
                        underline: false,
                        link: None,
                    },
                    StyledSpan {
                        text: "}",
                        token: Text,
                        rgb: Some(
                            [
                                192,
                                197,
                                206,
                            ],
                        ),
                        bold: false,
                        italic: false,
                        strike: false,
                        underline: false,
                        link: None,
                    },
                    StyledSpan {
                        text: "",
                        token: Text,
                        rgb: Some(
                            [
                                192,
                                197,
                                206,
                            ],
                        ),
                        bold: false,
                        italic: false,
                        strike: false,
                        underline: false,
                        link: None,
                    },
                ],
            ],
        },
        Text {
            kind: Quote,
            lines: [
                [
                    StyledSpan {
                        text: "│ ",
                        token: Dim,
                        rgb: None,
                        bold: false,
                        italic: false,
                        strike: false,
                        underline: false,
                        link: None,
                    },
                    StyledSpan {
                        text: "quoted",
                        token: Text,
                        rgb: None,
                        bold: false,
                        italic: false,
                        strike: false,
                        underline: false,
                        link: None,
                    },
                ],
            ],
        },
        Rule,
        Table {
            rows: [
                [
                    "a",
                    "b",
                ],
                [
                    "1",
                    "2",
                ],
            ],
        },
    ],
}
