---
source: crates/cox-tui/src/view.rs
expression: "format!(\"{buf:?}\")"
---
Buffer {
    area: Rect { x: 0, y: 0, width: 60, height: 12 },
    content: [
        " context · 68000 of 200000 tokens · 34%                     ",
        " ::##########====................................           ",
        " : system            6800                                   ",
        " # tools            43000                                   ",
        " + instructions      2200                                   ",
        " = history          16000                                   ",
        "   cached           51000                                   ",
        "                                                            ",
        "                                                            ",
        "                                                            ",
        "> Esc close · PageUp scroll up · PageDown scroll down       ",
        "- · ctx ▱▱▱▱▱ 34% · $0.00/5 · [default]                     ",
    ],
    styles: [
        x: 0, y: 0, fg: Reset, bg: Reset, underline: Reset, modifier: BOLD,
        x: 39, y: 0, fg: Reset, bg: Reset, underline: Reset, modifier: NONE,
        x: 17, y: 1, fg: Reset, bg: Reset, underline: Reset, modifier: DIM,
        x: 49, y: 1, fg: Reset, bg: Reset, underline: Reset, modifier: NONE,
        x: 0, y: 6, fg: Reset, bg: Reset, underline: Reset, modifier: DIM,
        x: 25, y: 6, fg: Reset, bg: Reset, underline: Reset, modifier: NONE,
        x: 0, y: 11, fg: Reset, bg: Reset, underline: Reset, modifier: DIM,
    ]
}
