---
source: crates/cox-app/tests/scenarios.rs
expression: "lines.join(\"\\n\")"
---
{"op":"upsert","block":{"id":"turn:#1","turn":1,"kind":{"type":"turn_meta","model":"claude-sonnet-5","tier":"code","usage":null,"stop":null}},"after":null}
{"op":"upsert","block":{"id":"item:#2","turn":1,"kind":{"type":"user","text":"provider_error","attachments":[]}},"after":"turn:#1"}
{"op":"upsert","block":{"id":"item:#3","turn":1,"kind":{"type":"assistant","text":"","doc":{"blocks":[]}}},"after":"item:#2"}
{"op":"doc_tail","id":"item:#3","from":0,"blocks":[{"type":"text","kind":"paragraph","lines":[[{"text":"partial"}]]}]}
{"op":"upsert","block":{"id":"error:7","turn":1,"kind":{"type":"error","text":"provider error: bad request: boom","fatal":false}},"after":"item:#3"}
{"op":"upsert","block":{"id":"turn:#1","turn":1,"kind":{"type":"turn_meta","model":"claude-sonnet-5","tier":"code","usage":null,"stop":{"type":"error"}}},"after":null}
