---
source: crates/cox-app/tests/scenarios.rs
expression: "lines.join(\"\\n\")"
---
{"op":"upsert","block":{"id":"turn:#1","turn":1,"kind":{"type":"turn_meta","model":"claude-sonnet-5","tier":"code","usage":null,"stop":null}},"after":null}
{"op":"upsert","block":{"id":"item:#2","turn":1,"kind":{"type":"user","text":"text_only","attachments":[]}},"after":"turn:#1"}
{"op":"upsert","block":{"id":"item:#3","turn":1,"kind":{"type":"assistant","text":"","doc":{"blocks":[]}}},"after":"item:#2"}
{"op":"doc_tail","id":"item:#3","from":0,"blocks":[{"type":"text","kind":"paragraph","lines":[[{"text":"hello from scripted"}]]}]}
{"op":"upsert","block":{"id":"turn:#1","turn":1,"kind":{"type":"turn_meta","model":"claude-sonnet-5","tier":"code","usage":{"input_tokens":0,"output_tokens":0,"cache_read_tokens":0,"cache_write_tokens":0,"estimated":true,"cost_usd":0.0,"latency_ms":0},"stop":null}},"after":null}
{"op":"upsert","block":{"id":"item:#3","turn":1,"kind":{"type":"assistant","text":"hello from scripted","doc":{"blocks":[{"type":"text","kind":"paragraph","lines":[[{"text":"hello from scripted"}]]}]}}},"after":"item:#2"}
{"op":"upsert","block":{"id":"turn:#1","turn":1,"kind":{"type":"turn_meta","model":"claude-sonnet-5","tier":"code","usage":{"input_tokens":0,"output_tokens":0,"cache_read_tokens":0,"cache_write_tokens":0,"estimated":true,"cost_usd":0.0,"latency_ms":0},"stop":{"type":"end_turn"}}},"after":null}
