---
source: crates/cox-provider/src/anthropic/request.rs
expression: "build_body(&req, cfg(None))"
---
{
  "fallbacks": "default",
  "max_tokens": 16384,
  "messages": [
    {
      "content": [
        {
          "text": "what does cox-provider own?",
          "type": "text"
        }
      ],
      "role": "user"
    }
  ],
  "model": "claude-sonnet-5",
  "output_config": {
    "effort": "high"
  },
  "stream": true,
  "system": [
    {
      "text": "<tool specs>",
      "type": "text"
    },
    {
      "cache_control": {
        "ttl": "5m",
        "type": "ephemeral"
      },
      "text": "You are cox.",
      "type": "text"
    },
    {
      "text": "date: 2026-09-02",
      "type": "text"
    }
  ],
  "thinking": {
    "type": "adaptive"
  },
  "tool_choice": {
    "type": "auto"
  },
  "tools": [
    {
      "description": "Read a file",
      "input_schema": {
        "properties": {
          "path": {
            "type": "string"
          }
        },
        "type": "object"
      },
      "name": "read"
    }
  ]
}
