---
source: crates/cox-core/tests/turn.rs
expression: value
---
[
  {
    "config_digest": "",
    "cwd": "/tmp/cox-turn",
    "session": "<id>",
    "type": "session_started"
  },
  {
    "job": "main",
    "model": "claude-sonnet-5",
    "tier": "code",
    "turn": "<id>",
    "type": "turn_started"
  },
  {
    "item": "<id>",
    "kind": {
      "attachments": [],
      "text": "write",
      "type": "user_message"
    },
    "type": "item_started"
  },
  {
    "item": "<id>",
    "type": "item_done"
  },
  {
    "item": "<id>",
    "kind": {
      "text": "",
      "type": "assistant_message"
    },
    "type": "item_started"
  },
  {
    "item": "<id>",
    "text": "writing",
    "type": "text_delta"
  },
  {
    "turn": "<id>",
    "type": "usage",
    "usage": {
      "cache_read_tokens": 0,
      "cache_write_tokens": 0,
      "cost_usd": 0.0,
      "estimated": true,
      "input_tokens": 0,
      "latency_ms": 0,
      "output_tokens": 0
    }
  },
  {
    "item": "<id>",
    "type": "item_done"
  },
  {
    "call": {
      "id": "<id>",
      "input": {
        "path": "a"
      },
      "name": "touch",
      "risk": "write",
      "subject": "touch"
    },
    "type": "tool_call_requested"
  },
  {
    "call": {
      "id": "<id>",
      "input": {
        "path": "a"
      },
      "name": "touch",
      "risk": "write",
      "subject": "touch"
    },
    "type": "approval_required",
    "why": {
      "risk": "write",
      "type": "risk"
    }
  },
  {
    "by": "user",
    "call_id": "<id>",
    "decision": {
      "type": "allow"
    },
    "type": "approval_decided"
  },
  {
    "call_id": "<id>",
    "result": {
      "archive": {
        "bytes": 7,
        "id": "<id>"
      },
      "bytes": 7,
      "diff": null,
      "duration_ms": 0,
      "ok": true,
      "visible": "touched"
    },
    "type": "tool_call_done"
  },
  {
    "item": "<id>",
    "kind": {
      "text": "",
      "type": "assistant_message"
    },
    "type": "item_started"
  },
  {
    "item": "<id>",
    "text": "done",
    "type": "text_delta"
  },
  {
    "turn": "<id>",
    "type": "usage",
    "usage": {
      "cache_read_tokens": 0,
      "cache_write_tokens": 0,
      "cost_usd": 0.0,
      "estimated": true,
      "input_tokens": 0,
      "latency_ms": 0,
      "output_tokens": 0
    }
  },
  {
    "item": "<id>",
    "type": "item_done"
  },
  {
    "stop": {
      "type": "end_turn"
    },
    "turn": "<id>",
    "type": "turn_done"
  }
]
