---
source: crates/cox-core/tests/turn.rs
expression: value
---
[
  {
    "type": "session_started",
    "session": "<id>",
    "config_digest": "",
    "cwd": "/tmp/cox-turn"
  },
  {
    "type": "turn_started",
    "turn": "<id>",
    "job": "main",
    "tier": "code",
    "model": "claude-sonnet-5"
  },
  {
    "type": "item_started",
    "item": "<id>",
    "kind": {
      "type": "user_message",
      "text": "provider_error",
      "attachments": []
    }
  },
  {
    "type": "item_done",
    "item": "<id>"
  },
  {
    "type": "item_started",
    "item": "<id>",
    "kind": {
      "type": "assistant_message",
      "text": ""
    }
  },
  {
    "type": "text_delta",
    "item": "<id>",
    "text": "partial"
  },
  {
    "type": "error",
    "error": {
      "type": "provider",
      "error": {
        "type": "bad_request",
        "message": "boom"
      }
    },
    "fatal": false
  },
  {
    "type": "turn_done",
    "turn": "<id>",
    "stop": {
      "type": "error"
    }
  }
]
