---
source: crates/cox-core/tests/turn.rs
expression: value
---
[
  {
    "type": "session_started",
    "session": "<id>",
    "config_digest": "",
    "cwd": "/tmp/cox-turn"
  },
  {
    "type": "turn_started",
    "turn": "<id>",
    "job": "main",
    "tier": "code",
    "model": "claude-sonnet-5"
  },
  {
    "type": "item_started",
    "item": "<id>",
    "kind": {
      "type": "user_message",
      "text": "text_only",
      "attachments": []
    }
  },
  {
    "type": "item_done",
    "item": "<id>"
  },
  {
    "type": "item_started",
    "item": "<id>",
    "kind": {
      "type": "assistant_message",
      "text": ""
    }
  },
  {
    "type": "text_delta",
    "item": "<id>",
    "text": "hello from scripted"
  },
  {
    "type": "usage",
    "turn": "<id>",
    "usage": {
      "input_tokens": 0,
      "output_tokens": 0,
      "cache_read_tokens": 0,
      "cache_write_tokens": 0,
      "estimated": true,
      "cost_usd": 0.0,
      "latency_ms": 0
    }
  },
  {
    "type": "item_done",
    "item": "<id>"
  },
  {
    "type": "turn_done",
    "turn": "<id>",
    "stop": {
      "type": "end_turn"
    }
  }
]
