---
source: crates/cox-app/src/settings.rs
expression: shown
---
[
  {
    "key": "tiers.code.model",
    "value": "project-model",
    "layer": "project",
    "editable": false,
    "kind": {
      "type": "text"
    },
    "description": "The model id sent in the request.",
    "group": "models",
    "title": "Model",
    "table": "tiers.code",
    "provider": null,
    "detail": "Set in <tmp>/project/.cox/config.toml"
  },
  {
    "key": "budget.session_usd",
    "value": 5.0,
    "layer": "default",
    "editable": true,
    "kind": {
      "type": "number",
      "min": null,
      "max": null
    },
    "description": "Session spend cap, in USD.",
    "group": "budget",
    "title": "Session usd",
    "table": "budget",
    "provider": null,
    "detail": "Session spend cap, in USD."
  },
  {
    "key": "desktop.appearance.material",
    "value": "glossy",
    "layer": "user",
    "editable": true,
    "kind": {
      "type": "choice",
      "options": [
        "frosted",
        "glossy",
        "solid"
      ]
    },
    "description": "`frosted` | `glossy` | `solid`.",
    "group": "appearance",
    "title": "Material",
    "table": "desktop.appearance",
    "provider": null,
    "detail": "`frosted` | `glossy` | `solid`."
  },
  {
    "key": "desktop.appearance.opacity",
    "value": 0.42,
    "layer": "default",
    "editable": true,
    "kind": {
      "type": "number",
      "min": 0.0,
      "max": 1.0
    },
    "description": "Window and pane background opacity, 0 (clear) to 1 (opaque). Text\npanels never drop below `material.readableFloor`, whatever this is.",
    "group": "appearance",
    "title": "Opacity",
    "table": "desktop.appearance",
    "provider": null,
    "detail": "Window and pane background opacity, 0 (clear) to 1 (opaque). Text\npanels never drop below `material.readableFloor`, whatever this is."
  },
  {
    "key": "desktop.appearance.tint",
    "value": true,
    "layer": "default",
    "editable": true,
    "kind": {
      "type": "toggle"
    },
    "description": "Tint the glass from the wallpaper.",
    "group": "appearance",
    "title": "Tint",
    "table": "desktop.appearance",
    "provider": null,
    "detail": "Tint the glass from the wallpaper."
  },
  {
    "key": "core.max_turns",
    "value": 200,
    "layer": "default",
    "editable": true,
    "kind": {
      "type": "integer",
      "min": 0.0,
      "max": null
    },
    "description": "`core.max_turns`: provider calls allowed per `UserTurn`.",
    "group": "general",
    "title": "Max turns",
    "table": "core",
    "provider": null,
    "detail": "`core.max_turns`: provider calls allowed per `UserTurn`."
  },
  {
    "key": "core.workspace_roots",
    "value": [],
    "layer": "default",
    "editable": true,
    "kind": {
      "type": "list"
    },
    "description": "`core.workspace_roots`: empty means \"git root of cwd, else cwd\";\n`--add-dir`/`--cwd` append to this.",
    "group": "general",
    "title": "Workspace roots",
    "table": "core",
    "provider": null,
    "detail": "`core.workspace_roots`: empty means \"git root of cwd, else cwd\";\n`--add-dir`/`--cwd` append to this."
  }
]
